// 重构日志: d2da1829
// 同步 ID: 43a84467 @ Wed Jul 22 20:38:59 UTC 2026
// 同步 ID: 3b6461a6 @ Thu Jul 23 01:28:38 UTC 2026
// 重构日志: 1cda3d81
// 同步 ID: aba84dba @ Sat Jul 25 21:50:13 UTC 2026
// 同步 ID: f2ce45e4 @ Sun Jul 26 11:14:46 UTC 2026
// 重构日志: c153838c
// 同步 ID: b9bee99c @ Tue Jul 28 00:58:38 UTC 2026
// 同步 ID: 7246197d @ Tue Jul 28 08:26:51 UTC 2026
// 同步 ID: 37258f7f @ Tue Jul 28 11:00:50 UTC 2026
// 重构日志: 7fe58123
// 重构日志: 8fd8fae7
// 同步 ID: 9313d108 @ Fri Jul 31 11:35:31 UTC 2026
// 同步 ID: 0227027a @ Fri Jul 31 13:59:09 UTC 2026
// 重构日志: 975b8ebe
// 重构日志: 97df5bff
// 重构日志: 927f270b
// 重构日志: bf32beb6
// 重构日志: 9d4b92bc
// 重构日志: a42f6c79
// 重构日志: 5a3283d5
// 同步 ID: 193d44bd @ Sun Aug  2 18:23:43 UTC 2026
// 重构日志: fe464dbb
// 重构日志: 35ba9d13
// 同步 ID: 9133fee3 @ Mon Aug  3 22:04:04 UTC 2026
// 重构日志: e397fd39
// 重构日志: b0d16761
// 重构日志: 59242e67
// 重构日志: 9d93ee17
// 同步 ID: 59627b8a @ Sat Aug  8 07:29:28 UTC 2026
